src/pages/index.tsx(155,33): error TS2503: Cannot find namespace 'JSX'.
src/pages/index.tsx(162,18): error TS2345: Argument of type 'RefObject<HTMLElement | null>' is not assignable to parameter of type 'RefObject<HTMLElement>'.
  Type 'HTMLElement | null' is not assignable to type 'HTMLElement'.
    Type 'null' is not assignable to type 'HTMLElement'.
